******************************************************************************
            TI ARM Clang Linker Unix v4.0.4                    
******************************************************************************
>> Linked Sun May  3 01:17:39 2026

OUTPUT FILE NAME:   <i2c_target.out>
ENTRY POINT SYMBOL: "_c_int00_noargs"  address: 000086c5


MEMORY CONFIGURATION

         name            origin    length      used     unused   attr    fill
----------------------  --------  ---------  --------  --------  ----  --------
  FLASH                 00000000   00020000  00008810  000177f0  R  X
  SRAM                  20200000   00008000  000002a6  00007d5a  RW X
  BCR_CONFIG            41c00000   000000ff  00000000  000000ff  R   
  BSL_CONFIG            41c00100   00000080  00000000  00000080  R   


SEGMENT ALLOCATION MAP

run origin  load origin   length   init length attrs members
----------  ----------- ---------- ----------- ----- -------
00000000    00000000    00008810   00008810    r-x
  00000000    00000000    000000c0   000000c0    r-- .intvecs
  000000c0    000000c0    00007540   00007540    r-- .rodata
  00007600    00007600    000011e0   000011e0    r-x .text
  000087e0    000087e0    00000030   00000030    r-- .cinit
20200000    20200000    000000a6   00000000    rw-
  20200000    20200000    0000009c   00000000    rw- .bss
  2020009c    2020009c    0000000a   00000000    rw- .data
20207e00    20207e00    00000200   00000000    rw-
  20207e00    20207e00    00000200   00000000    rw- .stack


SECTION ALLOCATION MAP

 output                                  attributes/
section   page    origin      length       input sections
--------  ----  ----------  ----------   ----------------
.intvecs   0    00000000    000000c0     
                  00000000    000000c0     startup_mspm0g350x_ticlang.o (.intvecs)

.text      0    00007600    000011e0     
                  00007600    00000564     i2c_target.o (.text.main)
                  00007b64    0000039c     i2c_target.o (.text.sendPixel)
                  00007f00    000002f4     i2c_comm_target.o (.text.I2C_checkForCommand)
                  000081f4    000000cc     i2c_target.o (.text.I2C0_IRQHandler)
                  000082c0    0000009a     libc.a : memcpy16.S.obj (.text:memcpy)
                  0000835a    00000002     startup_mspm0g350x_ticlang.o (.text.Default_Handler)
                  0000835c    00000098     driverlib.a : dl_crc.o (.text.DL_CRC_calculateBlock16)
                  000083f4    00000088     ti_msp_dl_config.o (.text.SYSCFG_DL_I2C_0_init)
                  0000847c    0000007c     libc.a : copy_decompress_lzss.c.obj (.text:decompress:lzss)
                  000084f8    0000004c     driverlib.a : dl_dma.o (.text.DL_DMA_initChannel)
                  00008544    00000040     i2c_comm_target.o (.text.I2C_init)
                  00008584    00000040     ti_msp_dl_config.o (.text.SYSCFG_DL_initPower)
                  000085c4    00000040     libclang_rt.builtins.a : aeabi_uidivmod.S.obj (.text.__aeabi_uidivmod)
                  00008604    0000003c     libc.a : autoinit.c.obj (.text:__TI_auto_init_nobinit_nopinit)
                  00008640    00000030     ti_msp_dl_config.o (.text.SYSCFG_DL_SYSCTL_init)
                  00008670    0000002c     ti_msp_dl_config.o (.text.SYSCFG_DL_GPIO_init)
                  0000869c    00000028     i2c_comm_target.o (.text.DMA_TX_init)
                  000086c4    00000028     libc.a : boot_cortex_m.c.obj (.text:_c_int00_noargs)
                  000086ec    00000026     driverlib.a : dl_i2c.o (.text.DL_I2C_setClockConfig)
                  00008712    00000002     libclang_rt.builtins.a : aeabi_div0.c.obj (.text.__aeabi_idiv0)
                  00008714    00000020     ti_msp_dl_config.o (.text.SYSCFG_DL_CRC_init)
                  00008734    0000001c     ti_msp_dl_config.o (.text.SYSCFG_DL_init)
                  00008750    00000018     ti_msp_dl_config.o (.text.SYSCFG_DL_DMA_CH_RX_init)
                  00008768    00000018     ti_msp_dl_config.o (.text.SYSCFG_DL_DMA_CH_TX_init)
                  00008780    00000016     libc.a : copy_zero_init.c.obj (.text:decompress:ZI:__TI_zero_init_nomemset)
                  00008796    00000012            : copy_decompress_none.c.obj (.text:decompress:none)
                  000087a8    0000000c     ti_msp_dl_config.o (.text.SYSCFG_DL_DMA_init)
                  000087b4    0000000a     driverlib.a : dl_common.o (.text.DL_Common_delayCycles)
                  000087be    00000002     --HOLE-- [fill = 0]
                  000087c0    00000008     libclang_rt.builtins.a : aeabi_memcpy.S.obj (.text.__aeabi_memcpy)
                  000087c8    00000006     libc.a : exit.c.obj (.text:abort)
                  000087ce    00000004     libsysbm.a : hostexit.c.obj (.text.HOSTexit)
                  000087d2    00000004     startup_mspm0g350x_ticlang.o (.text.Reset_Handler)
                  000087d6    00000004     libc.a : pre_init.c.obj (.text._system_pre_init)
                  000087da    00000006     --HOLE-- [fill = 0]

.cinit     0    000087e0    00000030     
                  000087e0    0000000c     (__TI_handler_table)
                  000087ec    00000008     (.cinit..bss.load) [load image, compression = zero_init]
                  000087f4    00000007     (.cinit..data.load) [load image, compression = lzss]
                  000087fb    00000001     --HOLE-- [fill = 0]
                  000087fc    00000010     (__TI_cinit_table)
                  0000880c    00000004     --HOLE-- [fill = 0]

.rodata    0    000000c0    00007540     
                  000000c0    00005aa0     i2c_target.o (.rodata.led_beat_params)
                  00005b60    00001a4f     i2c_target.o (.rodata.pwm_data)
                  000075af    00000001     --HOLE-- [fill = 0]
                  000075b0    00000018     ti_msp_dl_config.o (.rodata.gDMA_CH_RXConfig)
                  000075c8    00000018     ti_msp_dl_config.o (.rodata.gDMA_CH_TXConfig)
                  000075e0    00000018     i2c_target.o (.rodata.palette)
                  000075f8    00000002     ti_msp_dl_config.o (.rodata.gI2C_0ClockConfig)
                  000075fa    00000006     --HOLE-- [fill = 0]

.init_array 
*          0    00000000    00000000     UNINITIALIZED

.binit     0    00000000    00000000     

.bss       0    20200000    0000009c     UNINITIALIZED
                  20200000    0000009c     (.common:gI2C)

.data      0    2020009c    0000000a     UNINITIALIZED
                  2020009c    00000004     i2c_target.o (.data.dbgLastWriteLen)
                  202000a0    00000004     i2c_target.o (.data.dbgWriteCount)
                  202000a4    00000001     i2c_target.o (.data.is_playing)
                  202000a5    00000001     i2c_target.o (.data.last_cmd)

.stack     0    20207e00    00000200     UNINITIALIZED
                  20207e00    00000004     libc.a : boot_cortex_m.c.obj (.stack)
                  20207e04    000001fc     --HOLE--

__llvm_prf_cnts 
*          0    20200000    00000000     UNINITIALIZED

__llvm_prf_bits 
*          0    20200000    00000000     UNINITIALIZED

MODULE SUMMARY

       Module                         code   ro data   rw data
       ------                         ----   -------   -------
    ./
       i2c_target.o                   2508   29959     166    
       ti_msp_dl_config.o             412    50        0      
       startup_mspm0g350x_ticlang.o   6      192       0      
    +--+------------------------------+------+---------+---------+
       Total:                         2926   30201     166    
                                                              
    ./ti/comm_modules/i2c/target/
       i2c_comm_target.o              860    0         0      
    +--+------------------------------+------+---------+---------+
       Total:                         860    0         0      
                                                              
    /mnt/ccs/ccs/tools/compiler/ti-cgt-armllvm_4.0.4.LTS/lib/armv6m-ti-none-eabi/c/libc.a
       memcpy16.S.obj                 154    0         0      
       copy_decompress_lzss.c.obj     124    0         0      
       autoinit.c.obj                 60     0         0      
       boot_cortex_m.c.obj            40     0         0      
       copy_zero_init.c.obj           22     0         0      
       copy_decompress_none.c.obj     18     0         0      
       exit.c.obj                     6      0         0      
       pre_init.c.obj                 4      0         0      
    +--+------------------------------+------+---------+---------+
       Total:                         428    0         0      
                                                              
    /mnt/ccs/ccs/tools/compiler/ti-cgt-armllvm_4.0.4.LTS/lib/armv6m-ti-none-eabi/c/libsysbm.a
       hostexit.c.obj                 4      0         0      
    +--+------------------------------+------+---------+---------+
       Total:                         4      0         0      
                                                              
    /mnt/ccs/ccs/tools/compiler/ti-cgt-armllvm_4.0.4.LTS/lib/armv6m-ti-none-eabi/libclang_rt.builtins.a
       aeabi_uidivmod.S.obj           64     0         0      
       aeabi_memcpy.S.obj             8      0         0      
       aeabi_div0.c.obj               2      0         0      
    +--+------------------------------+------+---------+---------+
       Total:                         74     0         0      
                                                              
    /mnt/tirex-content/mspm0_sdk_2_10_00_04/source/ti/driverlib/lib/ticlang/m0p/mspm0g1x0x_g3x0x/driverlib.a
       dl_crc.o                       152    0         0      
       dl_dma.o                       76     0         0      
       dl_i2c.o                       38     0         0      
       dl_common.o                    10     0         0      
    +--+------------------------------+------+---------+---------+
       Total:                         276    0         0      
                                                              
       Stack:                         0      0         512    
       Linker Generated:              0      43        0      
    +--+------------------------------+------+---------+---------+
       Grand Total:                   4568   30244     678    


LINKER GENERATED COPY TABLES

__TI_cinit_table @ 000087fc records: 2, size/record: 8, table size: 16
	.bss: load addr=000087ec, load size=00000008 bytes, run addr=20200000, run size=0000009c bytes, compression=zero_init
	.data: load addr=000087f4, load size=00000007 bytes, run addr=2020009c, run size=0000000a bytes, compression=lzss


LINKER GENERATED HANDLER TABLE

__TI_handler_table @ 000087e0 records: 3, size/record: 4, table size: 12
	index: 0, handler: __TI_decompress_lzss
	index: 1, handler: __TI_decompress_none
	index: 2, handler: __TI_zero_init


GLOBAL SYMBOLS: SORTED ALPHABETICALLY BY Name 

address   name                          
-------   ----                          
0000835b  ADC0_IRQHandler               
0000835b  ADC1_IRQHandler               
0000835b  AES_IRQHandler                
000087ce  C$$EXIT                       
0000835b  CANFD0_IRQHandler             
0000835b  DAC0_IRQHandler               
0000835d  DL_CRC_calculateBlock16       
000087b5  DL_Common_delayCycles         
000084f9  DL_DMA_initChannel            
000086ed  DL_I2C_setClockConfig         
0000835b  DMA_IRQHandler                
0000869d  DMA_TX_init                   
0000835b  Default_Handler               
0000835b  GROUP0_IRQHandler             
0000835b  GROUP1_IRQHandler             
000087cf  HOSTexit                      
0000835b  HardFault_Handler             
000081f5  I2C0_IRQHandler               
0000835b  I2C1_IRQHandler               
00007f01  I2C_checkForCommand           
00008545  I2C_init                      
0000835b  NMI_Handler                   
0000835b  PendSV_Handler                
0000835b  RTC_IRQHandler                
000087d3  Reset_Handler                 
0000835b  SPI0_IRQHandler               
0000835b  SPI1_IRQHandler               
0000835b  SVC_Handler                   
00008715  SYSCFG_DL_CRC_init            
00008751  SYSCFG_DL_DMA_CH_RX_init      
00008769  SYSCFG_DL_DMA_CH_TX_init      
000087a9  SYSCFG_DL_DMA_init            
00008671  SYSCFG_DL_GPIO_init           
000083f5  SYSCFG_DL_I2C_0_init          
00008641  SYSCFG_DL_SYSCTL_init         
00008735  SYSCFG_DL_init                
00008585  SYSCFG_DL_initPower           
0000835b  SysTick_Handler               
0000835b  TIMA0_IRQHandler              
0000835b  TIMA1_IRQHandler              
0000835b  TIMG0_IRQHandler              
0000835b  TIMG12_IRQHandler             
0000835b  TIMG6_IRQHandler              
0000835b  TIMG7_IRQHandler              
0000835b  TIMG8_IRQHandler              
0000835b  UART0_IRQHandler              
0000835b  UART1_IRQHandler              
0000835b  UART2_IRQHandler              
0000835b  UART3_IRQHandler              
20208000  __STACK_END                   
00000200  __STACK_SIZE                  
00000000  __TI_ATRegion0_region_sz      
00000000  __TI_ATRegion0_src_addr       
00000000  __TI_ATRegion0_trg_addr       
00000000  __TI_ATRegion1_region_sz      
00000000  __TI_ATRegion1_src_addr       
00000000  __TI_ATRegion1_trg_addr       
00000000  __TI_ATRegion2_region_sz      
00000000  __TI_ATRegion2_src_addr       
00000000  __TI_ATRegion2_trg_addr       
000087fc  __TI_CINIT_Base               
0000880c  __TI_CINIT_Limit              
0000880c  __TI_CINIT_Warm               
000087e0  __TI_Handler_Table_Base       
000087ec  __TI_Handler_Table_Limit      
00008605  __TI_auto_init_nobinit_nopinit
0000847d  __TI_decompress_lzss          
00008797  __TI_decompress_none          
ffffffff  __TI_pprof_out_hndl           
ffffffff  __TI_prof_data_size           
ffffffff  __TI_prof_data_start          
00000000  __TI_static_base__            
00008781  __TI_zero_init_nomemset       
00008713  __aeabi_idiv0                 
000087c1  __aeabi_memcpy                
000087c1  __aeabi_memcpy4               
000087c1  __aeabi_memcpy8               
000085c5  __aeabi_uidiv                 
000085c5  __aeabi_uidivmod              
ffffffff  __binit__                     
UNDEFED   __mpu_init                    
20207e00  __stack                       
20200000  __start___llvm_prf_bits       
20200000  __start___llvm_prf_cnts       
20200000  __stop___llvm_prf_bits        
20200000  __stop___llvm_prf_cnts        
000086c5  _c_int00_noargs               
UNDEFED   _system_post_cinit            
000087d7  _system_pre_init              
000087c9  abort                         
ffffffff  binit                         
2020009c  dbgLastWriteLen               
202000a0  dbgWriteCount                 
20200000  gI2C                          
00000000  interruptVectors              
202000a4  is_playing                    
202000a5  last_cmd                      
000000c0  led_beat_params               
00007601  main                          
000082c1  memcpy                        
00005b60  pwm_data                      


GLOBAL SYMBOLS: SORTED BY Symbol Address 

address   name                          
-------   ----                          
00000000  __TI_ATRegion0_region_sz      
00000000  __TI_ATRegion0_src_addr       
00000000  __TI_ATRegion0_trg_addr       
00000000  __TI_ATRegion1_region_sz      
00000000  __TI_ATRegion1_src_addr       
00000000  __TI_ATRegion1_trg_addr       
00000000  __TI_ATRegion2_region_sz      
00000000  __TI_ATRegion2_src_addr       
00000000  __TI_ATRegion2_trg_addr       
00000000  __TI_static_base__            
00000000  interruptVectors              
000000c0  led_beat_params               
00000200  __STACK_SIZE                  
00005b60  pwm_data                      
00007601  main                          
00007f01  I2C_checkForCommand           
000081f5  I2C0_IRQHandler               
000082c1  memcpy                        
0000835b  ADC0_IRQHandler               
0000835b  ADC1_IRQHandler               
0000835b  AES_IRQHandler                
0000835b  CANFD0_IRQHandler             
0000835b  DAC0_IRQHandler               
0000835b  DMA_IRQHandler                
0000835b  Default_Handler               
0000835b  GROUP0_IRQHandler             
0000835b  GROUP1_IRQHandler             
0000835b  HardFault_Handler             
0000835b  I2C1_IRQHandler               
0000835b  NMI_Handler                   
0000835b  PendSV_Handler                
0000835b  RTC_IRQHandler                
0000835b  SPI0_IRQHandler               
0000835b  SPI1_IRQHandler               
0000835b  SVC_Handler                   
0000835b  SysTick_Handler               
0000835b  TIMA0_IRQHandler              
0000835b  TIMA1_IRQHandler              
0000835b  TIMG0_IRQHandler              
0000835b  TIMG12_IRQHandler             
0000835b  TIMG6_IRQHandler              
0000835b  TIMG7_IRQHandler              
0000835b  TIMG8_IRQHandler              
0000835b  UART0_IRQHandler              
0000835b  UART1_IRQHandler              
0000835b  UART2_IRQHandler              
0000835b  UART3_IRQHandler              
0000835d  DL_CRC_calculateBlock16       
000083f5  SYSCFG_DL_I2C_0_init          
0000847d  __TI_decompress_lzss          
000084f9  DL_DMA_initChannel            
00008545  I2C_init                      
00008585  SYSCFG_DL_initPower           
000085c5  __aeabi_uidiv                 
000085c5  __aeabi_uidivmod              
00008605  __TI_auto_init_nobinit_nopinit
00008641  SYSCFG_DL_SYSCTL_init         
00008671  SYSCFG_DL_GPIO_init           
0000869d  DMA_TX_init                   
000086c5  _c_int00_noargs               
000086ed  DL_I2C_setClockConfig         
00008713  __aeabi_idiv0                 
00008715  SYSCFG_DL_CRC_init            
00008735  SYSCFG_DL_init                
00008751  SYSCFG_DL_DMA_CH_RX_init      
00008769  SYSCFG_DL_DMA_CH_TX_init      
00008781  __TI_zero_init_nomemset       
00008797  __TI_decompress_none          
000087a9  SYSCFG_DL_DMA_init            
000087b5  DL_Common_delayCycles         
000087c1  __aeabi_memcpy                
000087c1  __aeabi_memcpy4               
000087c1  __aeabi_memcpy8               
000087c9  abort                         
000087ce  C$$EXIT                       
000087cf  HOSTexit                      
000087d3  Reset_Handler                 
000087d7  _system_pre_init              
000087e0  __TI_Handler_Table_Base       
000087ec  __TI_Handler_Table_Limit      
000087fc  __TI_CINIT_Base               
0000880c  __TI_CINIT_Limit              
0000880c  __TI_CINIT_Warm               
20200000  __start___llvm_prf_bits       
20200000  __start___llvm_prf_cnts       
20200000  __stop___llvm_prf_bits        
20200000  __stop___llvm_prf_cnts        
20200000  gI2C                          
2020009c  dbgLastWriteLen               
202000a0  dbgWriteCount                 
202000a4  is_playing                    
202000a5  last_cmd                      
20207e00  __stack                       
20208000  __STACK_END                   
ffffffff  __TI_pprof_out_hndl           
ffffffff  __TI_prof_data_size           
ffffffff  __TI_prof_data_start          
ffffffff  __binit__                     
ffffffff  binit                         
UNDEFED   __mpu_init                    
UNDEFED   _system_post_cinit            

[101 symbols]
